// Jest Snapshot v1, https://goo.gl/fbAQLP

exports[`Overview component renders the component 1`] = `ShallowWrapper {}`;
